[    0.000000] Linux version 4.15.0-163-generic (buildd@lcy01-amd64-021) (gcc version 7.5.0 (Ubuntu 7.5.0-3ubuntu1~18.04)) #171-Ubuntu SMP Fri Nov 5 11:55:11 UTC 2021 (Ubuntu 4.15.0-163.171-generic 4.15.18)
[    0.000000] Command line: BOOT_IMAGE=/boot/vmlinuz-4.15.0-163-generic root=LABEL=cloudimg-rootfs ro console=tty1 console=ttyS0
[    0.000000] KERNEL supported cpus:
[    0.000000]   Intel GenuineIntel
[    0.000000]   AMD AuthenticAMD
[    0.000000]   Centaur CentaurHauls
[    0.000000] x86/fpu: Supporting XSAVE feature 0x001: 'x87 floating point registers'
[    0.000000] x86/fpu: Supporting XSAVE feature 0x002: 'SSE registers'
[    0.000000] x86/fpu: Supporting XSAVE feature 0x004: 'AVX registers'
[    0.000000] x86/fpu: xstate_offset[2]:  576, xstate_sizes[2]:  256
[    0.000000] x86/fpu: Enabled xstate features 0x7, context size is 832 bytes, using 'standard' format.
[    0.000000] e820: BIOS-provided physical RAM map:
[    0.000000] BIOS-e820: [mem 0x0000000000000000-0x000000000009fbff] usable
[    0.000000] BIOS-e820: [mem 0x000000000009fc00-0x000000000009ffff] reserved
[    0.000000] BIOS-e820: [mem 0x00000000000f0000-0x00000000000fffff] reserved
[    0.000000] BIOS-e820: [mem 0x0000000000100000-0x000000003ffeffff] usable
[    0.000000] BIOS-e820: [mem 0x000000003fff0000-0x000000003fffffff] ACPI data
[    0.000000] BIOS-e820: [mem 0x00000000fec00000-0x00000000fec00fff] reserved
[    0.000000] BIOS-e820: [mem 0x00000000fee00000-0x00000000fee00fff] reserved
[    0.000000] BIOS-e820: [mem 0x00000000fffc0000-0x00000000ffffffff] reserved
[    0.000000] NX (Execute Disable) protection: active
[    0.000000] SMBIOS 2.5 present.
[    0.000000] DMI: innotek GmbH VirtualBox/VirtualBox, BIOS VirtualBox 12/01/2006
[    0.000000] Hypervisor detected: KVM
[    0.000000] e820: last_pfn = 0x3fff0 max_arch_pfn = 0x400000000
[    0.000000] MTRR: Disabled
[    0.000000] x86/PAT: MTRRs disabled, skipping PAT initialization too.
[    0.000000] CPU MTRRs all blank - virtualized system.
[    0.000000] x86/PAT: Configuration [0-7]: WB  WT  UC- UC  WB  WT  UC- UC  
[    0.000000] found SMP MP-table at [mem 0x0009fff0-0x0009ffff]
[    0.000000] Scanning 1 areas for low memory corruption
[    0.000000] RAMDISK: [mem 0x359c7000-0x36cdafff]
[    0.000000] ACPI: Early table checksum verification disabled
[    0.000000] ACPI: RSDP 0x00000000000E0000 000024 (v02 VBOX  )
[    0.000000] ACPI: XSDT 0x000000003FFF0030 00003C (v01 VBOX   VBOXXSDT 00000001 ASL  00000061)
[    0.000000] ACPI: FACP 0x000000003FFF00F0 0000F4 (v04 VBOX   VBOXFACP 00000001 ASL  00000061)
[    0.000000] ACPI: DSDT 0x000000003FFF0470 0022EA (v02 VBOX   VBOXBIOS 00000002 INTL 20100528)
[    0.000000] ACPI: FACS 0x000000003FFF0200 000040
[    0.000000] ACPI: FACS 0x000000003FFF0200 000040
[    0.000000] ACPI: APIC 0x000000003FFF0240 00005C (v02 VBOX   VBOXAPIC 00000001 ASL  00000061)
[    0.000000] ACPI: SSDT 0x000000003FFF02A0 0001CC (v01 VBOX   VBOXCPUT 00000002 INTL 20100528)
[    0.000000] ACPI: Reserving FACP table memory at [mem 0x3fff00f0-0x3fff01e3]
[    0.000000] ACPI: Reserving DSDT table memory at [mem 0x3fff0470-0x3fff2759]
[    0.000000] ACPI: Reserving FACS table memory at [mem 0x3fff0200-0x3fff023f]
[    0.000000] ACPI: Reserving FACS table memory at [mem 0x3fff0200-0x3fff023f]
[    0.000000] ACPI: Reserving APIC table memory at [mem 0x3fff0240-0x3fff029b]
[    0.000000] ACPI: Reserving SSDT table memory at [mem 0x3fff02a0-0x3fff046b]
[    0.000000] No NUMA configuration found
[    0.000000] Faking a node at [mem 0x0000000000000000-0x000000003ffeffff]
[    0.000000] NODE_DATA(0) allocated [mem 0x3ffc5000-0x3ffeffff]
[    0.000000] kvm-clock: cpu 0, msr 0:3ff44001, primary cpu clock
[    0.000000] kvm-clock: Using msrs 4b564d01 and 4b564d00
[    0.000000] kvm-clock: using sched offset of 3793050459 cycles
[    0.000000] clocksource: kvm-clock: mask: 0xffffffffffffffff max_cycles: 0x1cd42e4dffb, max_idle_ns: 881590591483 ns
[    0.000000] Zone ranges:
[    0.000000]   DMA      [mem 0x0000000000001000-0x0000000000ffffff]
[    0.000000]   DMA32    [mem 0x0000000001000000-0x000000003ffeffff]
[    0.000000]   Normal   empty
[    0.000000]   Device   empty
[    0.000000] Movable zone start for each node
[    0.000000] Early memory node ranges
[    0.000000]   node   0: [mem 0x0000000000001000-0x000000000009efff]
[    0.000000]   node   0: [mem 0x0000000000100000-0x000000003ffeffff]
[    0.000000] Reserved but unavailable: 104 pages
[    0.000000] Initmem setup node 0 [mem 0x0000000000001000-0x000000003ffeffff]
[    0.000000] ACPI: PM-Timer IO Port: 0x4008
[    0.000000] IOAPIC[0]: apic_id 2, version 32, address 0xfec00000, GSI 0-23
[    0.000000] ACPI: INT_SRC_OVR (bus 0 bus_irq 0 global_irq 2 dfl dfl)
[    0.000000] ACPI: INT_SRC_OVR (bus 0 bus_irq 9 global_irq 9 low level)
[    0.000000] Using ACPI (MADT) for SMP configuration information
[    0.000000] smpboot: Allowing 2 CPUs, 0 hotplug CPUs
[    0.000000] PM: Registered nosave memory: [mem 0x00000000-0x00000fff]
[    0.000000] PM: Registered nosave memory: [mem 0x0009f000-0x0009ffff]
[    0.000000] PM: Registered nosave memory: [mem 0x000a0000-0x000effff]
[    0.000000] PM: Registered nosave memory: [mem 0x000f0000-0x000fffff]
[    0.000000] e820: [mem 0x40000000-0xfebfffff] available for PCI devices
[    0.000000] Booting paravirtualized kernel on KVM
[    0.000000] clocksource: refined-jiffies: mask: 0xffffffff max_cycles: 0xffffffff, max_idle_ns: 7645519600211568 ns
[    0.000000] random: get_random_bytes called from start_kernel+0x99/0x500 with crng_init=0
[    0.000000] setup_percpu: NR_CPUS:8192 nr_cpumask_bits:2 nr_cpu_ids:2 nr_node_ids:1
[    0.000000] percpu: Embedded 45 pages/cpu s147456 r8192 d28672 u1048576
[    0.000000] PV qspinlock hash table entries: 256 (order: 0, 4096 bytes)
[    0.000000] Built 1 zonelists, mobility grouping on.  Total pages: 257913
[    0.000000] Policy zone: DMA32
[    0.000000] Kernel command line: BOOT_IMAGE=/boot/vmlinuz-4.15.0-163-generic root=LABEL=cloudimg-rootfs ro console=tty1 console=ttyS0
[    0.000000] Memory: 982700K/1048120K available (12300K kernel code, 2483K rwdata, 4320K rodata, 2448K init, 2724K bss, 65420K reserved, 0K cma-reserved)
[    0.000000] SLUB: HWalign=64, Order=0-3, MinObjects=0, CPUs=2, Nodes=1
[    0.000000] ftrace: allocating 39476 entries in 155 pages
[    0.004000] Hierarchical RCU implementation.
[    0.004000] 	RCU restricting CPUs from NR_CPUS=8192 to nr_cpu_ids=2.
[    0.004000] 	Tasks RCU enabled.
[    0.004000] RCU: Adjusting geometry for rcu_fanout_leaf=16, nr_cpu_ids=2
[    0.004000] NR_IRQS: 524544, nr_irqs: 440, preallocated irqs: 16
[    0.004000] Console: colour VGA+ 80x25
[    0.004000] console [tty1] enabled
[    0.004000] console [ttyS0] enabled
[    0.004000] ACPI: Core revision 20170831
[    0.004000] ACPI: 2 ACPI AML tables successfully acquired and loaded
[    0.004000] APIC: Switch to symmetric I/O mode setup
[    0.004000] x2apic enabled
[    0.004000] Switched APIC routing to physical x2apic.
[    0.004000] ..TIMER: vector=0x30 apic1=0 pin1=2 apic2=-1 pin2=-1
[    0.004000] tsc: Detected 2112.006 MHz processor
[    0.004006] Calibrating delay loop (skipped) preset value.. 4224.01 BogoMIPS (lpj=8448024)
[    0.005106] pid_max: default: 32768 minimum: 301
[    0.005734] Security Framework initialized
[    0.006447] Yama: becoming mindful.
[    0.006963] AppArmor: AppArmor initialized
[    0.008000] Dentry cache hash table entries: 131072 (order: 8, 1048576 bytes)
[    0.008042] Inode-cache hash table entries: 65536 (order: 7, 524288 bytes)
[    0.008931] Mount-cache hash table entries: 2048 (order: 2, 16384 bytes)
[    0.009785] Mountpoint-cache hash table entries: 2048 (order: 2, 16384 bytes)
[    0.010904] Last level iTLB entries: 4KB 64, 2MB 8, 4MB 8
[    0.012002] Last level dTLB entries: 4KB 64, 2MB 0, 4MB 0, 1GB 4
[    0.012803] Spectre V1 : Mitigation: usercopy/swapgs barriers and __user pointer sanitization
[    0.013898] unchecked MSR access error: WRMSR to 0x48 (tried to write 0x0000000000000001) at rIP: 0xffffffff9d66d1b8 (native_write_msr+0x8/0x30)
[    0.015764] Call Trace:
[    0.016006]  wrmsrl+0x16/0x20
[    0.016444]  check_bugs+0x263/0xa1b
[    0.016923]  ? delayacct_init+0x52/0x70
[    0.017451]  start_kernel+0x4b8/0x500
[    0.017948]  x86_64_start_reservations+0x24/0x26
[    0.018572]  x86_64_start_kernel+0x74/0x77
[    0.019121]  secondary_startup_64+0xa5/0xb0
[    0.019678] Spectre V2 : Mitigation: Enhanced IBRS
[    0.020001] Spectre V2 : Spectre v2 / SpectreRSB mitigation: Filling RSB on context switch
[    0.021103] Speculative Store Bypass: Vulnerable
[    0.021717] SRBDS: Mitigation: TSX disabled
[    0.022425] Freeing SMP alternatives memory: 36K
[    0.132854] smpboot: CPU0: Intel(R) Core(TM) i5-10210U CPU @ 1.60GHz (family: 0x6, model: 0x8e, stepping: 0xc)
[    0.134830] Performance Events: unsupported p6 CPU model 142 no PMU driver, software events only.
[    0.136000] Hierarchical SRCU implementation.
[    0.136642] NMI watchdog: Perf event create on CPU 0 failed with -2
[    0.137511] NMI watchdog: Perf NMI watchdog permanently disabled
[    0.138357] smp: Bringing up secondary CPUs ...
[    0.139043] x86: Booting SMP configuration:
[    0.140002] .... node  #0, CPUs:      #1
[    0.004000] kvm-clock: cpu 1, msr 0:3ff44041, secondary cpu clock
[    0.144006] smp: Brought up 1 node, 2 CPUs
[    0.145019] smpboot: Max logical packages: 1
[    0.146160] smpboot: Total of 2 processors activated (8448.02 BogoMIPS)
[    0.148039] devtmpfs: initialized
[    0.148589] x86/mm: Memory block size: 128MB
[    0.149502] evm: security.selinux
[    0.150043] evm: security.SMACK64
[    0.150560] evm: security.SMACK64EXEC
[    0.151100] evm: security.SMACK64TRANSMUTE
[    0.151698] evm: security.SMACK64MMAP
[    0.152003] evm: security.apparmor
[    0.152487] evm: security.ima
[    0.152941] evm: security.capability
[    0.153485] clocksource: jiffies: mask: 0xffffffff max_cycles: 0xffffffff, max_idle_ns: 7645041785100000 ns
[    0.153485] futex hash table entries: 512 (order: 3, 32768 bytes)
[    0.156038] pinctrl core: initialized pinctrl subsystem
[    0.160091] RTC time:  7:42:38, date: 12/24/21
[    0.160834] NET: Registered protocol family 16
[    0.161499] audit: initializing netlink subsys (disabled)
[    0.162232] audit: type=2000 audit(1640331763.451:1): state=initialized audit_enabled=0 res=1
[    0.164012] cpuidle: using governor ladder
[    0.164561] cpuidle: using governor menu
[    0.165123] ACPI: bus type PCI registered
[    0.165671] acpiphp: ACPI Hot Plug PCI Controller Driver version: 0.5
[    0.166573] PCI: Using configuration type 1 for base access
[    0.168026] HugeTLB registered 2.00 MiB page size, pre-allocated 0 pages
[    0.168871] ACPI: Added _OSI(Module Device)
[    0.168871] ACPI: Added _OSI(Processor Device)
[    0.169202] ACPI: Added _OSI(3.0 _SCP Extensions)
[    0.169886] ACPI: Added _OSI(Processor Aggregator Device)
[    0.170604] ACPI: Added _OSI(Linux-Dell-Video)
[    0.172003] ACPI: Added _OSI(Linux-Lenovo-NV-HDMI-Audio)
[    0.172758] ACPI: Added _OSI(Linux-HPI-Hybrid-Graphics)
[    0.173801] ACPI: Executed 1 blocks of module-level executable AML code
[    0.176005] ACPI: Interpreter enabled
[    0.176005] ACPI: (supports S0 S5)
[    0.176005] ACPI: Using IOAPIC for interrupt routing
[    0.176005] PCI: Using host bridge windows from ACPI; if necessary, use "pci=nocrs" and report a bug
[    0.180142] ACPI: Enabled 2 GPEs in block 00 to 07
[    0.184056] ACPI: PCI Root Bridge [PCI0] (domain 0000 [bus 00-ff])
[    0.185025] acpi PNP0A03:00: _OSC: OS supports [ASPM ClockPM Segments MSI]
[    0.186498] acpi PNP0A03:00: _OSC: not requesting OS control; OS requires [ExtendedConfig ASPM ClockPM MSI]
[    0.192011] acpi PNP0A03:00: fail to add MMCONFIG information, can't access extended PCI configuration space under this bridge.
[    0.194203] PCI host bridge to bus 0000:00
[    0.194923] pci_bus 0000:00: root bus resource [io  0x0000-0x0cf7 window]
[    0.196003] pci_bus 0000:00: root bus resource [io  0x0d00-0xffff window]
[    0.197102] pci_bus 0000:00: root bus resource [mem 0x000a0000-0x000bffff window]
[    0.198163] pci_bus 0000:00: root bus resource [mem 0x40000000-0xfdffffff window]
[    0.199262] pci_bus 0000:00: root bus resource [bus 00-ff]
[    0.201644] pci 0000:00:01.1: legacy IDE quirk: reg 0x10: [io  0x01f0-0x01f7]
[    0.202667] pci 0000:00:01.1: legacy IDE quirk: reg 0x14: [io  0x03f6]
[    0.203522] pci 0000:00:01.1: legacy IDE quirk: reg 0x18: [io  0x0170-0x0177]
[    0.204002] pci 0000:00:01.1: legacy IDE quirk: reg 0x1c: [io  0x0376]
[    0.220008] pci 0000:00:07.0: quirk: [io  0x4000-0x403f] claimed by PIIX4 ACPI
[    0.221192] pci 0000:00:07.0: quirk: [io  0x4100-0x410f] claimed by PIIX4 SMB
[    0.226645] ACPI: PCI Interrupt Link [LNKA] (IRQs 5 9 10 *11)
[    0.227832] ACPI: PCI Interrupt Link [LNKB] (IRQs 5 9 *10 11)
[    0.228110] ACPI: PCI Interrupt Link [LNKC] (IRQs 5 *9 10 11)
[    0.229100] ACPI: PCI Interrupt Link [LNKD] (IRQs 5 9 10 *11)
[    0.230241] SCSI subsystem initialized
[    0.230863] pci 0000:00:02.0: vgaarb: setting as boot VGA device
[    0.230863] pci 0000:00:02.0: vgaarb: VGA device added: decodes=io+mem,owns=io+mem,locks=none
[    0.232004] pci 0000:00:02.0: vgaarb: bridge control possible
[    0.232845] vgaarb: loaded
[    0.233287] ACPI: bus type USB registered
[    0.233916] usbcore: registered new interface driver usbfs
[    0.236008] usbcore: registered new interface driver hub
[    0.236888] usbcore: registered new device driver usb
[    0.237738] EDAC MC: Ver: 3.0.0
[    0.237738] PCI: Using ACPI for IRQ routing
[    0.240224] NetLabel: Initializing
[    0.240784] NetLabel:  domain hash size = 128
[    0.241468] NetLabel:  protocols = UNLABELED CIPSOv4 CALIPSO
[    0.242272] NetLabel:  unlabeled traffic allowed by default
[    0.243126] clocksource: Switched to clocksource kvm-clock
[    0.277998] VFS: Disk quotas dquot_6.6.0
[    0.278985] VFS: Dquot-cache hash table entries: 512 (order 0, 4096 bytes)
[    0.280092] AppArmor: AppArmor Filesystem Enabled
[    0.280908] pnp: PnP ACPI init
[    0.282256] pnp: PnP ACPI: found 3 devices
[    0.288337] clocksource: acpi_pm: mask: 0xffffff max_cycles: 0xffffff, max_idle_ns: 2085701024 ns
[    0.289774] NET: Registered protocol family 2
[    0.290558] IP idents hash table entries: 16384 (order: 5, 131072 bytes)
[    0.291957] TCP established hash table entries: 8192 (order: 4, 65536 bytes)
[    0.296964] TCP bind hash table entries: 8192 (order: 5, 131072 bytes)
[    0.303940] TCP: Hash tables configured (established 8192 bind 8192)
[    0.304854] UDP hash table entries: 512 (order: 2, 16384 bytes)
[    0.305629] UDP-Lite hash table entries: 512 (order: 2, 16384 bytes)
[    0.306509] NET: Registered protocol family 1
[    0.307117] pci 0000:00:00.0: Limiting direct PCI/PCI transfers
[    0.307941] pci 0000:00:01.0: Activating ISA DMA hang workarounds
[    0.308815] pci 0000:00:02.0: Video device with shadowed ROM at [mem 0x000c0000-0x000dffff]
[    0.310069] Unpacking initramfs...
[    0.849678] Freeing initrd memory: 19536K
[    0.850634] clocksource: tsc: mask: 0xffffffffffffffff max_cycles: 0x1e717e40680, max_idle_ns: 440795297614 ns
[    0.852691] platform rtc_cmos: registered platform RTC device (no PNP device found)
[    0.853928] Scanning for low memory corruption every 60 seconds
[    0.855313] Initialise system trusted keyrings
[    0.856152] Key type blacklist registered
[    0.856948] workingset: timestamp_bits=36 max_order=18 bucket_order=0
[    0.858643] zbud: loaded
[    0.859601] squashfs: version 4.0 (2009/01/31) Phillip Lougher
[    0.860736] fuse init (API version 7.26)
[    0.864612] Key type asymmetric registered
[    0.865327] Asymmetric key parser 'x509' registered
[    0.866180] Block layer SCSI generic (bsg) driver version 0.4 loaded (major 246)
[    0.867271] io scheduler noop registered
[    0.867811] io scheduler deadline registered
[    0.868452] io scheduler cfq registered (default)
[    0.869377] ACPI: AC Adapter [AC] (on-line)
[    0.869967] input: Power Button as /devices/LNXSYSTM:00/LNXPWRBN:00/input/input0
[    0.871020] ACPI: Power Button [PWRF]
[    0.871574] input: Sleep Button as /devices/LNXSYSTM:00/LNXSLPBN:00/input/input1
[    0.872589] ACPI: Sleep Button [SLPF]
[    0.874052] ACPI: Battery Slot [BAT0] (battery present)
[    0.874871] Serial: 8250/16550 driver, 32 ports, IRQ sharing enabled
[    0.896301] 00:02: ttyS0 at I/O 0x3f8 (irq = 4, base_baud = 115200) is a 16550A
[    0.900505] Linux agpgart interface v0.103
[    0.902426] loop: module loaded
[    0.903428] scsi host0: ata_piix
[    0.904110] scsi host1: ata_piix
[    0.904698] ata1: PATA max UDMA/33 cmd 0x1f0 ctl 0x3f6 bmdma 0xd000 irq 14
[    0.905747] ata2: PATA max UDMA/33 cmd 0x170 ctl 0x376 bmdma 0xd008 irq 15
[    0.906934] libphy: Fixed MDIO Bus: probed
[    0.907598] tun: Universal TUN/TAP device driver, 1.6
[    0.908662] PPP generic driver version 2.4.2
[    0.909496] ehci_hcd: USB 2.0 'Enhanced' Host Controller (EHCI) Driver
[    0.910435] ehci-pci: EHCI PCI platform driver
[    0.911072] ehci-platform: EHCI generic platform driver
[    0.911763] ohci_hcd: USB 1.1 'Open' Host Controller (OHCI) Driver
[    0.912674] ohci-pci: OHCI PCI platform driver
[    0.913305] ohci-platform: OHCI generic platform driver
[    0.914008] uhci_hcd: USB Universal Host Controller Interface driver
[    0.914866] i8042: PNP: PS/2 Controller [PNP0303:PS2K,PNP0f03:PS2M] at 0x60,0x64 irq 1,12
[    0.916615] serio: i8042 KBD port at 0x60,0x64 irq 1
[    0.917347] serio: i8042 AUX port at 0x60,0x64 irq 12
[    0.918140] mousedev: PS/2 mouse device common for all mice
[    0.919435] input: AT Translated Set 2 keyboard as /devices/platform/i8042/serio0/input/input2
[    0.920059] rtc_cmos rtc_cmos: rtc core: registered rtc_cmos as rtc0
[    0.921606] rtc_cmos rtc_cmos: alarms up to one day, 114 bytes nvram
[    0.922464] i2c /dev entries driver
[    0.923022] device-mapper: uevent: version 1.0.3
[    0.923729] device-mapper: ioctl: 4.37.0-ioctl (2017-09-20) initialised: dm-devel@redhat.com
[    0.925107] ledtrig-cpu: registered to indicate activity on CPUs
[    0.926272] NET: Registered protocol family 10
[    0.929594] Segment Routing with IPv6
[    0.930138] NET: Registered protocol family 17
[    0.930875] Key type dns_resolver registered
[    0.931621] mce: Using 0 MCE banks
[    0.932112] RAS: Correctable Errors collector initialized.
[    0.932871] sched_clock: Marking stable (932859225, 0)->(1115937627, -183078402)
[    0.934067] registered taskstats version 1
[    0.934636] Loading compiled-in X.509 certificates
[    0.936737] Loaded X.509 cert 'Build time autogenerated kernel key: f60a4c8d126e94dbf36c5faa43fb49029eeea9a9'
[    0.938448] Loaded X.509 cert 'Canonical Ltd. Live Patch Signing: 14df34d1a87cf37625abec039ef2bf521249b969'
[    0.940186] Loaded X.509 cert 'Canonical Ltd. Kernel Module Signing: 88f752e560a1e0737e31163a466ad7b70a850c19'
[    0.941581] zswap: loaded using pool lzo/zbud
[    0.944339] Key type big_key registered
[    0.944871] Key type trusted registered
[    0.946493] Key type encrypted registered
[    0.947065] AppArmor: AppArmor sha1 policy hashing enabled
[    0.947806] ima: No TPM chip found, activating TPM-bypass! (rc=-19)
[    0.948772] ima: Allocated hash algorithm: sha1
[    0.949576] evm: HMAC attrs: 0x1
[    0.950403]   Magic number: 1:267:724
[    0.951275] block loop4: hash matches
[    0.952071] rtc_cmos rtc_cmos: setting system clock to 2021-12-24 07:42:38 UTC (1640331758)
[    0.953556] BIOS EDD facility v0.16 2004-Jun-25, 0 devices found
[    0.954539] EDD information not available.
[    1.078064] Freeing unused kernel image memory: 2448K
[    1.088426] Write protecting the kernel read-only data: 20480k
[    1.094921] Freeing unused kernel image memory: 2008K
[    1.099317] Freeing unused kernel image memory: 1824K
[    1.118261] x86/mm: Checked W+X mappings: passed, no W+X pages found.
Loading, please wait...
starting version 237
[    1.211022] Fusion MPT base driver 3.04.20
[    1.211918] Copyright (c) 1999-2008 LSI Corporation
[    1.228718] e1000: Intel(R) PRO/1000 Network Driver - version 7.3.21-k8-NAPI
[    1.231196] e1000: Copyright (c) 1999-2006 Intel Corporation.
[    1.237336] AVX2 version of gcm_enc/dec engaged.
[    1.238348] AES CTR mode by8 optimization enabled
[    1.245006] Fusion MPT SPI Host driver 3.04.20
[    1.253059] mptbase: ioc0: Initiating bringup
[    1.353221] ioc0: LSI53C1030 A0: Capabilities={Initiator}
[    1.424511] input: ImExPS/2 Generic Explorer Mouse as /devices/platform/i8042/serio1/input/input4
[    2.849436] scsi host2: ioc0: LSI53C1030 A0, FwRev=00000000h, Ports=1, MaxQ=256, IRQ=20
[    3.874356] scsi 2:0:0:0: Direct-Access     VBOX     HARDDISK         1.0  PQ: 0 ANSI: 5
[    3.917811] scsi target2:0:0: Beginning Domain Validation
[    3.929858] scsi target2:0:0: Domain Validation skipping write tests
[    3.935214] scsi target2:0:0: Ending Domain Validation
[    3.940723] scsi target2:0:0: asynchronous
[    3.947260] scsi 2:0:1:0: Direct-Access     VBOX     HARDDISK         1.0  PQ: 0 ANSI: 5
[    4.249245] scsi target2:0:1: Beginning Domain Validation
[    4.252488] random: fast init done
[    4.253185] scsi target2:0:1: Domain Validation skipping write tests
[    4.254081] scsi target2:0:1: Ending Domain Validation
[    4.255027] scsi target2:0:1: asynchronous
[    4.259130] random: systemd-udevd: uninitialized urandom read (16 bytes read)
[    4.259350] sd 2:0:0:0: [sda] 83886080 512-byte logical blocks: (42.9 GB/40.0 GiB)
[    4.260387] random: systemd-udevd: uninitialized urandom read (16 bytes read)
[    4.261634] sd 2:0:0:0: [sda] Write Protect is off
[    4.262698] random: systemd-udevd: uninitialized urandom read (16 bytes read)
[    4.264771] sd 2:0:0:0: Attached scsi generic sg0 type 0
[    4.265641] sd 2:0:0:0: [sda] Incomplete mode parameter data
[    4.266565] sd 2:0:0:0: [sda] Assuming drive cache: write through
[    4.267769] sd 2:0:1:0: Attached scsi generic sg1 type 0
[    4.268898] sd 2:0:1:0: [sdb] 20480 512-byte logical blocks: (10.5 MB/10.0 MiB)
[    4.270134] sd 2:0:1:0: [sdb] Write Protect is off
[    4.271078] sd 2:0:1:0: [sdb] Incomplete mode parameter data
[    4.271934] sd 2:0:1:0: [sdb] Assuming drive cache: write through
[    4.283594]  sda: sda1
[    4.285007] sd 2:0:0:0: [sda] Attached SCSI disk
[    4.286638] sd 2:0:1:0: [sdb] Attached SCSI disk
[    4.286818] e1000 0000:00:03.0 eth0: (PCI:33MHz:32-bit) 02:29:e0:c3:be:94
[    4.288431] e1000 0000:00:03.0 eth0: Intel(R) PRO/1000 Network Connection
[    4.290253] e1000 0000:00:03.0 enp0s3: renamed from eth0
Begin: Loading essential drivers ... [    5.832622] raid6: sse2x1   gen() 10587 MB/s
[    5.880433] raid6: sse2x1   xor()  7043 MB/s
[    5.928299] raid6: sse2x2   gen() 15004 MB/s
[    5.976754] raid6: sse2x2   xor()  9255 MB/s
[    6.024486] raid6: sse2x4   gen() 11985 MB/s
[    6.072368] raid6: sse2x4   xor()  9759 MB/s
[    6.120832] raid6: avx2x1   gen() 22757 MB/s
[    6.168051] raid6: avx2x1   xor() 13613 MB/s
[    6.216221] raid6: avx2x2   gen() 24970 MB/s
[    6.264089] raid6: avx2x2   xor() 16693 MB/s
[    6.312799] raid6: avx2x4   gen() 26746 MB/s
[    6.360617] raid6: avx2x4   xor() 16732 MB/s
[    6.361614] raid6: using algorithm avx2x4 gen() 26746 MB/s
[    6.362772] raid6: .... xor() 16732 MB/s, rmw enabled
[    6.363533] raid6: using avx2x2 recovery algorithm
[    6.365510] xor: automatically using best checksumming function   avx       
[    6.367638] async_tx: api initialized (async)
done.
Begin: Running /scripts/init-premount ... done.
Begin: Mounting root file system ... Begin: Running /scripts/local-top ... done.
Begin: Running /scripts/local-premount ... [    6.409136] Btrfs loaded, crc32c=crc32c-intel
Scanning for Btrfs filesystems
done.
Warning: fsck not present, so skipping root file system
[    6.440059] EXT4-fs (sda1): mounted filesystem with ordered data mode. Opts: (null)
done.
Begin: Running /scripts/local-bottom ... done.
Begin: Running /scripts/init-bottom ... done.
[    6.582103] ip_tables: (C) 2000-2006 Netfilter Core Team
[    6.587351] systemd[1]: systemd 237 running in system mode. (+PAM +AUDIT +SELINUX +IMA +APPARMOR +SMACK +SYSVINIT +UTMP +LIBCRYPTSETUP +GCRYPT +GNUTLS +ACL +XZ +LZ4 +SECCOMP +BLKID +ELFUTILS +KMOD -IDN2 +IDN -PCRE2 default-hierarchy=hybrid)
[    6.590296] systemd[1]: Detected virtualization oracle.
[    6.591002] systemd[1]: Detected architecture x86-64.

Welcome to [1mUbuntu 18.04.6 LTS[0m!

[    6.595975] systemd[1]: Set hostname to <ubuntu>.
[    6.598237] systemd[1]: Initializing machine ID from random generator.
[    6.599095] systemd[1]: Installed transient /etc/machine-id file.
[    6.814369] systemd[1]: Reached target System Time Synchronized.
[[0;32m  OK  [0m] Reached target System Time Synchronized.
[    6.815979] systemd[1]: Reached target User and Group Name Lookups.
[[0;32m  OK  [0m] Reached target User and Group Name Lookups.
[    6.817535] systemd[1]: Reached target Swap.
[[0;32m  OK  [0m] Reached target Swap.
[    6.818642] systemd[1]: Started Forward Password Requests to Wall Directory Watch.
[[0;32m  OK  [0m] Started Forward Password Requests to Wall Directory Watch.
[[0;32m  OK  [0m] Created slice System Slice.
[[0;32m  OK  [0m] Listening on udev Kernel Socket.
[[0;32m  OK  [0m] Listening on udev Control Socket.
[[0;32m  OK  [0m] Listening on LVM2 poll daemon socket.
[[0;32m  OK  [0m] Listening on LVM2 metadata daemon socket.
[[0;32m  OK  [0m] Listening on Journal Socket.
         Starting Create list of required stâ€¦ce nodes for the current kernel...
         Starting udev Coldplug all Devices...
         Starting Uncomplicated firewall...
         Mounting Kernel Debug File System...
[[0;32m  OK  [0m] Set up automount Arbitrary Executabâ€¦rmats File System Automount Point.
         Starting Set the console keyboard layout...
[[0;32m  OK  [0m] Listening on Journal Socket (/dev/log).
         Starting Load Kernel Modules...
[[0;32m  OK  [0m] Listening on /dev/initctl Compatibility Named Pipe.
[[0;32m  OK  [0m] Listening on Syslog Socket.
[[0;32m  OK  [0m] Created slice User and Session Slice.
[[0;32m  OK  [0m] Reached target Slices.
         Mounting Huge Pages File System...
[[0;32m  OK  [0m] Created slice system-serial\x2dgetty.slice.
[[0;32m  OK  [0m] Listening on Device-mapper event daemon FIFOs.
         Starting Monitoring of LVM2 mirrorsâ€¦ng dmeventd or progress polling...
         Mounting POSIX Message Queue File System...
[[0;32m  OK  [0m] Listening on Journal Audit Socket.
[[0;32m  OK  [0m] Listening on fsck to fsckd communication Socket.
         Starting File System Check on Root Device...
         Starting Journal Service...
[[0;32m  OK  [0m] Listening on Network Service Netlink Socket.
[[0;32m  OK  [0m] Started Create list of required staâ€¦vice nodes for the cur[    6.889150] Loading iSCSI transport class v2.0-870.
rent kernel.
[[0;32m  OK  [0m] Started Uncomplicated firewall.
[[0;32m  OK  [0m] Mounted Kernel Debug File System.
[    6.901912] iscsi: registered transport (tcp)
[[0;32m  OK  [0m] Mounted Huge Pages File System.
[[0;32m  OK  [0m] Mounted POSIX Message Queue File System.
         Starting Create Static Device Nodes in /dev...
[[0;32m  OK  [0m] Started udev Coldplug all Devices.
[[0;32m  OK  [0m] Started LVM2 metadata daemon.
[[0;32m  OK  [0m] Started File System Check Daemon to report status.
[[0;32m  OK  [0m] Started Create Static Device Nodes in /dev.
[[0;32m  OK  [0m] Started Journal Service.
[    7.010287] iscsi: registered transport (iser)
[[0;32m  OK  [0m] Started Load Kernel Modules.
         Mounting FUSE Control File System...
         Mounting Kernel Configuration File System...
         Starting Apply Kernel Variables...
[[0;32m  OK  [0m] Mounted FUSE Control File System.
[[0;32m  OK  [0m] Started Monitoring of LVM2 mirrors,â€¦sing dmeventd or progress polling.
[[0;32m  OK  [0m] Started File System Check on Root Device.
[[0;32m  OK  [0m] Mounted Kernel Configuration File System.
         Starting Remount Root and Kernel File Systems...
[[0;32m  OK  [0m] Started Apply Kernel Variables.
[[0;32m  OK  [0m] Started Remount Root and Kernel File Systems.
         Starting Flush Journal to Persistent Storage...
         Starting udev Kernel Device Manager...
         Starting Load/Save Random Seed...
[[0;32m  OK  [0m] Started udev Kernel Device Manager.
[[0;32m  OK  [0m] Started Load/Save Random Seed.
[[0;32m  OK  [0m] Started Flush Journal to Persistent Storage.
[[0;32m  OK  [0m] Found device /dev/ttyS0.
[[0;32m  OK  [0m] Listening on Load/Save RF Kill Switch Status /dev/rfkill Watch.
[[0;32m  OK  [0m] Started Set the console keyboard layout.
[[0;32m  OK  [0m] Started Dispatch Password Requests to Console Directory Watch.
[[0;32m  OK  [0m] Reached target Local Encrypted Volumes.
[[0;32m  OK  [0m] Reached target Local File Systems (Pre).
[[0;32m  OK  [0m] Reached target Local File Systems.
         Starting AppArmor initialization...
         Starting Tell Plymouth To Write Out Runtime Data...
         Starting Set console font and keymap...
         Starting ebtables ruleset management...
         Starting Create Volatile Files and Directories...
         Starting Commit a transient machine-id on disk...
[[0;32m  OK  [0m] Started Tell Plymouth To Write Out Runtime Data.
[[0;32m  OK  [0m] Started Create Volatile Files and Directories.
         Starting Update UTMP about System Boot/Shutdown...
[[0;32m  OK  [0m] Started Update UTMP about System Boot/Shutdown.
[[0;32m  OK  [0m] Started ebtables ruleset management.
[[0;32m  OK  [0m] Started Commit a transient machine-id on disk.
[[0;32m  OK  [0m] Started AppArmor initialization.
         Starting Load AppArmor profiles managed internally by snapd...
         Starting Initial cloud-init job (pre-networking)...
[[0;32m  OK  [0m] Started Load AppArmor profiles managed internally by snapd.
[[0;32m  OK  [0m] Started Set console font and keymap.
[   11.198763] cloud-init[860]: Cloud-init v. 21.4-0ubuntu1~18.04.1 running 'init-local' at Fri, 24 Dec 2021 07:42:48 +0000. Up 10.85 seconds.
[[0;32m  OK  [0m] Started Initial cloud-init job (pre-networking).
[[0;32m  OK  [0m] Reached target Network (Pre).
         Starting Network Service...
[[0;32m  OK  [0m] Started Network Service.
         Starting Wait for Network to be Configured...
         Starting Network Name Resolution...
[[0;32m  OK  [0m] Started Network Name Resolution.
[[0;32m  OK  [0m] Reached target Network.
[[0;32m  OK  [0m] Reached target Host and Network Name Lookups.
[[0;32m  OK  [0m] Started Wait for Network to be Configured.
         Starting Initial cloud-init job (metadata service crawler)...
[   13.612841] cloud-init[994]: Cloud-init v. 21.4-0ubuntu1~18.04.1 running 'init' at Fri, 24 Dec 2021 07:42:51 +0000. Up 13.50 seconds.
[   13.614186] cloud-init[994]: ci-info: ++++++++++++++++++++++++++++++++++++++Net device info++++++++++++++++++++++++++++++++++++++
[   13.615362] cloud-init[994]: ci-info: +--------+------+----------------------------+---------------+--------+-------------------+
[   13.616727] cloud-init[994]: ci-info: | Device |  Up  |          Address           |      Mask     | Scope  |     Hw-Address    |
[   13.617997] cloud-init[994]: ci-info: +--------+------+----------------------------+---------------+--------+-------------------+
[   13.619342] cloud-init[994]: ci-info: | enp0s3 | True |         10.0.2.15          | 255.255.255.0 | global | 02:29:e0:c3:be:94 |
[   13.620729] cloud-init[994]: ci-info: | enp0s3 | True | fe80::29:e0ff:fec3:be94/64 |       .       |  link  | 02:29:e0:c3:be:94 |
[   13.622007] cloud-init[994]: ci-info: |   lo   | True |         127.0.0.1          |   255.0.0.0   |  host  |         .         |
[   13.623271] cloud-init[994]: ci-info: |   lo   | True |          ::1/128           |       .       |  host  |         .         |
[   13.624606] cloud-init[994]: ci-info: +--------+------+----------------------------+---------------+--------+-------------------+
[   13.626085] cloud-init[994]: ci-info: ++++++++++++++++++++++++++++Route IPv4 info+++++++++++++++++++++++++++++
[   13.627056] cloud-init[994]: ci-info: +-------+-------------+----------+-----------------+-----------+-------+
[   13.628133] cloud-init[994]: ci-info: | Route | Destination | Gateway  |     Genmask     | Interface | Flags |
[   13.629266] cloud-init[994]: ci-info: +-------+-------------+----------+-----------------+-----------+-------+
[   13.630394] cloud-init[994]: ci-info: |   0   |   0.0.0.0   | 10.0.2.2 |     0.0.0.0     |   enp0s3  |   UG  |
[   13.631517] cloud-init[994]: ci-info: |   1   |   10.0.2.0  | 0.0.0.0  |  255.255.255.0  |   enp0s3  |   U   |
[   13.632599] cloud-init[994]: ci-info: |   2   |   10.0.2.2  | 0.0.0.0  | 255.255.255.255 |   enp0s3  |   UH  |
[   13.644848] cloud-init[994]: ci-info: +-------+-------------+----------+-----------------+-----------+-------+
[   13.646101] cloud-init[994]: ci-info: +++++++++++++++++++Route IPv6 info+++++++++++++++++++
[   13.647356] cloud-init[994]: ci-info: +-------+-------------+---------+-----------+-------+
[   13.648746] cloud-init[994]: ci-info: | Route | Destination | Gateway | Interface | Flags |
[   13.649984] cloud-init[994]: ci-info: +-------+-------------+---------+-----------+-------+
[   13.651297] cloud-init[994]: ci-info: |   1   |  fe80::/64  |    ::   |   enp0s3  |   U   |
[   13.652434] cloud-init[994]: ci-info: |   3   |    local    |    ::   |   enp0s3  |   U   |
[   13.653551] cloud-init[994]: ci-info: |   4   |   ff00::/8  |    ::   |   enp0s3  |   U   |
[   13.654738] cloud-init[994]: ci-info: +-------+-------------+---------+-----------+-------+
[   14.254673] cloud-init[994]: Generating public/private rsa key pair.
[   14.255426] cloud-init[994]: Your identification has been saved in /etc/ssh/ssh_host_rsa_key.
[   14.256531] cloud-init[994]: Your public key has been saved in /etc/ssh/ssh_host_rsa_key.pub.
[   14.257486] cloud-init[994]: The key fingerprint is:
[   14.258012] cloud-init[994]: SHA256:22B/KAtq4/PAb+Ez4VDsmpdgqkkHBNMqhNRV0GmSxEM root@ubuntu-bionic
[   14.259097] cloud-init[994]: The key's randomart image is:
[   14.259869] cloud-init[994]: +---[RSA 2048]----+
[   14.260744] cloud-init[994]: |=o. =E=..        |
[   14.261380] cloud-init[994]: |oo.. = +         |
[   14.262011] cloud-init[994]: |.o   .+          |
[   14.262608] cloud-init[994]: |+     o          |
[   14.264218] cloud-init[994]: |..   o  S        |
[   14.272213] cloud-init[994]: |  ..+ +. = .     |
[   14.272660] cloud-init[994]: | . +oB.+o + .    |
[   14.273268] cloud-init[994]: |..o *+O. o .     |
[   14.273923] cloud-init[994]: |o. oo*oo.        |
[   14.274583] cloud-init[994]: +----[SHA256]-----+
[   14.275237] cloud-init[994]: Generating public/private dsa key pair.
[   14.275989] cloud-init[994]: Your identification has been saved in /etc/ssh/ssh_host_dsa_key.
[   14.276960] cloud-init[994]: Your public key has been saved in /etc/ssh/ssh_host_dsa_key.pub.
[   14.277897] cloud-init[994]: The key fingerprint is:
[   14.278526] cloud-init[994]: SHA256:x9pYyFFxM3biRkCJYjMbiP7s6dTtf121aUsLT0kMP8Y root@ubuntu-bionic
[   14.288329] cloud-init[994]: The key's randomart image is:
[   14.288948] cloud-init[994]: +---[DSA 1024]----+
[   14.289547] cloud-init[994]: |   . .   o=+B .  |
[   14.290230] cloud-init[994]: |  . . * ...= *   |
[   14.290805] cloud-init[994]: | .   . *.   o =  |
[   14.291364] cloud-init[994]: |  .   .. + .   E.|
[   14.291949] cloud-init[994]: |   o    S +   o *|
[   14.292645] cloud-init[994]: |    o. . *   . B.|
[   14.293449] cloud-init[994]: |   .... + .  .*.o|
[   14.294109] cloud-init[994]: |   .o  .    . .+ |
[   14.294851] cloud-init[994]: |   ..   ....     |
[   14.295453] cloud-init[994]: +----[SHA256]-----+
[   14.296111] cloud-init[994]: Generating public/private ecdsa key pair.
[   14.304660] cloud-init[994]: Your identification has been saved in /etc/ssh/ssh_host_ecdsa_key.
[   14.316164] cloud-init[994]: Your public key has been saved in /etc/ssh/ssh_host_ecdsa_key.pub.
[   14.317277] cloud-init[994]: The key fingerprint is:
[   14.318186] cloud-init[994]: SHA256:PfAoHMAokByqP1zjWjuJwoQQDGFGBpFvfOKtW/vtpZc root@ubuntu-bionic
[   14.319640] cloud-init[994]: The key's randomart image is:
[   14.320611] cloud-init[994]: +---[ECDSA 256]---+
[   14.324230] cloud-init[994]: |&@.o.            |
[   14.324912] cloud-init[994]: |Xo. ..           |
[   14.325602] cloud-init[994]: |.=    . .        |
[   14.326153] cloud-init[994]: |o = .. . =       |
[   14.326891] cloud-init[994]: |+o +o o S +      |
[   14.327630] cloud-init[994]: |.+.o.. .   .     |
[   14.328299] cloud-init[994]: |o +o+.    ..     |
[   14.328879] cloud-init[994]: |..o=oo . oE      |
[   14.329403] cloud-init[994]: | .o.oo..+.       |
[   14.330193] cloud-init[994]: +----[SHA256]-----+
[   14.330909] cloud-init[994]: Generating public/private ed25519 key pair.
[   14.331795] cloud-init[994]: Your identification has been saved in /etc/ssh/ssh_host_ed25519_key.
[   14.340645] cloud-init[994]: Your public key has been saved in /etc/ssh/ssh_host_ed25519_key.pub.
[   14.341652] cloud-init[994]: The key fingerprint is:
[   14.342188] cloud-init[994]: SHA256:OzQfx/EdYO/jBC3SwmFasJ2KoN3IpriftoyhYadqrWw root@ubuntu-bionic
[   14.343130] cloud-init[994]: The key's randomart image is:
[   14.343810] cloud-init[994]: +--[ED25519 256]--+
[   14.344380] cloud-init[994]: |         ..+ o   |
[   14.344905] cloud-init[994]: |          B = +  |
[   14.345500] cloud-init[994]: |     .   o *.+ + |
[   14.346048] cloud-init[994]: |    + + . ..oo+..|
[   14.346580] cloud-init[994]: |   . = oS.. o .+.|
[   14.347135] cloud-init[994]: |  . o  . + o  o .|
[   14.347690] cloud-init[994]: |.+.o    o .    . |
[   14.348229] cloud-init[994]: |+EBo.    .       |
[   14.348772] cloud-init[994]: |**+=.            |
[   14.349300] cloud-init[994]: +----[SHA256]-----+
[[0;32m  OK  [0m] Started Initial cloud-init job (metadata service crawler).
[[0;32m  OK  [0m] Reached target Network is Online.
[[0;32m  OK  [0m] Reached target Remote File Systems (Pre).
[[0;32m  OK  [0m] Reached target Remote File Systems.
         Starting Availability of block devices...
[[0;32m  OK  [0m] Reached target System Initialization.
[[0;32m  OK  [0m] Started ACPI Events Check.
         Starting Socket activation for snappy daemon.
[[0;32m  OK  [0m] Started Discard unused blocks once a week.
[[0;32m  OK  [0m] Started Trigger to poll for Ubuntu â€¦(Only enabled on GCP LTS non-pro).
[[0;32m  OK  [0m] Reached target Paths.
[[0;32m  OK  [0m] Listening on ACPID Listen Socket.
[[0;32m  OK  [0m] Started Ubuntu Advantage Timer for running repeated jobs.
[[0;32m  OK  [0m] Started Daily apt download activities.
[[0;32m  OK  [0m] Started Daily apt upgrade and clean activities.
[[0;32m  OK  [0m] Started Message of the Day.
[[0;32m  OK  [0m] Listening on UUID daemon activation socket.
[[0;32m  OK  [0m] Listening on D-Bus System Message Bus Socket.
         Starting LXD - unix socket.
[[0;32m  OK  [0m] Listening on Open-iSCSI iscsid Socket.
[[0;32m  OK  [0m] Started Daily Cleanup of Temporary Directories.
[[0;32m  OK  [0m] Reached target Timers.
[[0;32m  OK  [0m] Listening on cloud-init hotplug hook socket.
[[0;32m  OK  [0m] Reached target Cloud-config availability.
[[0;32m  OK  [0m] Listening on Socket activation for snappy daemon.
[[0;32m  OK  [0m] Listening on LXD - unix socket.
[[0;32m  OK  [0m] Reached target Sockets.
[[0;32m  OK  [0m] Reached target Basic System.
[[0;32m  OK  [0m] Started Regular background program processing daemon.
         Starting Virtualbox guest utils...
         Starting LSB: automatic crash report generation...
[[0;32m  OK  [0m] Started FUSE filesystem for LXC.
[[0;32m  OK  [0m] Started irqbalance daemon.
         Starting LSB: Record successful boot for GRUB...
[[0;32m  OK  [0m] Started D-Bus System Message Bus.
         Starting Dispatcher daemon for systemd-networkd...
         Starting Pollinate to seed the pseudo random number generator...
         Starting Login Service...
         Starting LXD - container startup/shutdown...
         Starting System Logging Service...
         Starting Permit User Sessions...
[[0;32m  OK  [0m] Started Deferred execution scheduler.
         Starting Accounts Service...
         Starting Snap Daemon...
[[0;32m  OK  [0m] Started System Logging Service.
[[0;32m  OK  [0m] Started Availability of block devices.
[[0;32m  OK  [0m] Started Permit User Sessions.
[[0;32m  OK  [0m] Started Login Service.
[[0;32m  OK  [0m] Started Unattended Upgrades Shutdown.
         Starting Terminate Plymouth Boot Screen...
         Starting Hold until boot process finishes up...
[[0;32m  OK  [0m] Started Terminate Plymouth Boot Screen.
[[0;32m  OK  [0m] Started Hold until boot process finishes up.
         Starting Set console scheme...
[[0;32m  OK  [0m] Started Serial Getty on ttyS0.
[[0;32m  OK  [0m] Started LSB: automatic crash report generation.
[[0;32m  OK  [0m] Started LXD - container startup/shutdown.
         Starting Authorization Manager...
[[0;32m  OK  [0m] Started Set console scheme.
[[0;32m  OK  [0m] Created slice system-getty.slice.
[[0;32m  OK  [0m] Started Getty on tty1.
[[0;32m  OK  [0m] Reached target Login Prompts.
[[0;32m  OK  [0m] Started Authorization Manager.
[[0;32m  OK  [0m] Started Accounts Service.
[[0;32m  OK  [0m] Started LSB: Record successful boot for GRUB.
[[0;32m  OK  [0m] Started Virtualbox guest utils.
[[0;32m  OK  [0m] Started Dispatcher daemon for systemd-networkd.
[[0;32m  OK  [0m] Started Snap Daemon.
         Starting Wait until snapd is fully seeded...
[[0;32m  OK  [0m] Started Pollinate to seed the pseudo random number generator.
         Starting OpenBSD Secure Shell server...
[[0;32m  OK  [0m] Started OpenBSD Secure Shell server.
[[0;32m  OK  [0m] Created slice User Slice of vagrant.
         Starting User Manager for UID 1000...
[[0;32m  OK  [0m] Started Session 1 of user vagrant.
[[0;32m  OK  [0m] Started User Manager for UID 1000.
[[0;32m  OK  [0m] Started Wait until snapd is fully seeded.
[[0;32m  OK  [0m] Reached target Multi-User System.
[[0;32m  OK  [0m] Reached target Graphical Interface.
         Starting Update UTMP about System Runlevel Changes...
         Starting Apply the settings specified in cloud-config...
[[0;32m  OK  [0m] Started Update UTMP about System Runlevel Changes.
[   19.283749] cloud-init[1604]: Cloud-init v. 21.4-0ubuntu1~18.04.1 running 'modules:config' at Fri, 24 Dec 2021 07:42:56 +0000. Up 18.91 seconds.
[[0;32m  OK  [0m] Started Apply the settings specified in cloud-config.
         Starting Execute cloud user/final scripts...
ci-info: no authorized SSH keys fingerprints found for user ubuntu.
<14>Dec 24 07:42:57 cloud-init: #############################################################
<14>Dec 24 07:42:57 cloud-init: -----BEGIN SSH HOST KEY FINGERPRINTS-----
<14>Dec 24 07:42:57 cloud-init: 1024 SHA256:x9pYyFFxM3biRkCJYjMbiP7s6dTtf121aUsLT0kMP8Y root@ubuntu-bionic (DSA)
<14>Dec 24 07:42:57 cloud-init: 256 SHA256:PfAoHMAokByqP1zjWjuJwoQQDGFGBpFvfOKtW/vtpZc root@ubuntu-bionic (ECDSA)
<14>Dec 24 07:42:57 cloud-init: 256 SHA256:OzQfx/EdYO/jBC3SwmFasJ2KoN3IpriftoyhYadqrWw root@ubuntu-bionic (ED25519)
<14>Dec 24 07:42:57 cloud-init: 2048 SHA256:22B/KAtq4/PAb+Ez4VDsmpdgqkkHBNMqhNRV0GmSxEM root@ubuntu-bionic (RSA)
<14>Dec 24 07:42:57 cloud-init: -----END SSH HOST KEY FINGERPRINTS-----
<14>Dec 24 07:42:57 cloud-init: #############################################################
-----BEGIN SSH HOST KEY KEYS-----
ecdsa-sha2-nistp256 AAAAE2VjZHNhLXNoYTItbmlzdHAyNTYAAAAIbmlzdHAyNTYAAABBBElDTaax9gB4GAe/xH+WN3y5s8QgIh0TU5IZLICgCkA3GNjDRqIud9jenUv27URgCR0xv9JW4/ZxDWyDw3CX3lA= root@ubuntu-bionic
ssh-ed25519 AAAAC3NzaC1lZDI1NTE5AAAAIBJ5Aj+f7CnKR8CnXX4CUZLL6rqOfOEFkUIfdgN741zc root@ubuntu-bionic
ssh-rsa AAAAB3NzaC1yc2EAAAADAQABAAABAQD33DbRPqjcoaojZE9C83GjRlh4QlN01EnrqQexxhi4ddB4T8yEOUVbMQ1sVbB1+9okZGF9GyZusuReaXUQej9/nZt+9HR3BCcnbnshNEBifDUvXSKr4rZ6/cY3skO9z7BFzM03irtVQjC1tYCFjKlkHD7nXi0G3veJz4iXHBIu4rkaWucYR/9onA1b8BLSejcYxXTu5rqcFFd9AmrujXvLzZRibj1UsMnSKE4LogbuzQYRjKAMwsFluAJVDk0WAgixbOpNusGr2OQzEDmTZBVMkf3w8cJuCHd3snafUnJ/fsz1jkRwndw2fz5tdC0wQ2MzYwcJ3NAuYdgm+29tGu51 root@ubuntu-bionic
-----END SSH HOST KEY KEYS-----
[   19.937657] cloud-init[1697]: Cloud-init v. 21.4-0ubuntu1~18.04.1 running 'modules:final' at Fri, 24 Dec 2021 07:42:57 +0000. Up 19.76 seconds.
[   19.940234] cloud-init[1697]: ci-info: no authorized SSH keys fingerprints found for user ubuntu.
[   19.941357] cloud-init[1697]: Cloud-init v. 21.4-0ubuntu1~18.04.1 finished at Fri, 24 Dec 2021 07:42:57 +0000. Datasource DataSourceNoCloud [seed=/dev/sdb][dsmode=net].  Up 19.92 seconds

Ubuntu 18.04.6 LTS ubuntu-bionic ttyS0

ubuntu-bionic login: 